
> kai-ng-flow@0.0.0 start
> ng serve

npm : - Building...
At line:1 char:1
+ npm run start > build_output.txt 2>&1
+ ~~~~~~~~~~~~~~~~~~~~~~~~~~~~~~~~~~~~~
    + CategoryInfo          : NotSpecified: (- Building...:String) [], RemoteException
    + FullyQualifiedErrorId : NativeCommandError
 

Application bundle generation failed. [2.708 seconds]

Γû▓ [WARNING] NG8107: The left side of this optional chain operation does not include 'null' 
or 'undefined' in its type, therefore the '?.' operator can be replaced with the '.' 
operator. [plugin angular-compiler]

    src/app/components/form-renderer/form-renderer.component.ts:18:93:
      18 Γöé ...racking-tight text-slate-800">{{ docType?.name }}</mat-card-title>
         Γò╡                                              ~~~~


Γû▓ [WARNING] NG8107: The left side of this optional chain operation does not include 'null' 
or 'undefined' in its type, therefore the '?.' operator can be replaced with the '.' 
operator. [plugin angular-compiler]

    src/app/components/link-field/link-field.component.ts:16:27:
      16 Γöé       <mat-label>{{ field?.label }}</mat-label>
         Γò╡                            ~~~~~


Γû▓ [WARNING] NG8107: The left side of this optional chain operation does not include 'null' 
or 'undefined' in its type, therefore the '?.' operator can be replaced with the '.' 
operator. [plugin angular-compiler]

    src/app/components/link-field/link-field.component.ts:23:18:
      23 Γöé       @if (field?.description) {
         Γò╡                   ~~~~~~~~~~~


Γû▓ [WARNING] NG8107: The left side of this optional chain operation does not include 'null' 
or 'undefined' in its type, therefore the '?.' operator can be replaced with the '.' 
operator. [plugin angular-compiler]

    src/app/components/link-field/link-field.component.ts:24:28:
      24 Γöé         <mat-hint>{{ field?.description }}</mat-hint>
         Γò╡                             ~~~~~~~~~~~


X [ERROR] Could not resolve "@angular/material/prebuilt-themes/cyan-orange.css"

    angular:styles/global:styles:1:8:
      1 Γöé @import '@angular/material/prebuilt-themes/cyan-orange.css';
        Γò╡         ~~~~~~~~~~~~~~~~~~~~~~~~~~~~~~~~~~~~~~~~~~~~~~~~~~~

  The module "./prebuilt-themes/cyan-orange.css.css" was not found on the file system:

    node_modules/@angular/material/package.json:47:15:
      47 Γöé       "style": "./prebuilt-themes/*.css"
         Γò╡                ~~~~~~~~~~~~~~~~~~~~~~~~~

  You can mark the path "@angular/material/prebuilt-themes/cyan-orange.css" as external to 
exclude it from the bundle, which will remove this error and leave the unresolved path in the 
bundle.


Watch mode enabled. Watching for file changes...
- Changes detected. Rebuilding...

Application bundle generation failed. [0.505 seconds]

Γû▓ [WARNING] NG8107: The left side of this optional chain operation does not include 'null' 
or 'undefined' in its type, therefore the '?.' operator can be replaced with the '.' 
operator. [plugin angular-compiler]

    src/app/components/form-renderer/form-renderer.component.ts:18:93:
      18 Γöé ...racking-tight text-slate-800">{{ docType?.name }}</mat-card-title>
         Γò╡                                              ~~~~


X [ERROR] Could not resolve "@angular/material/prebuilt-themes/cyan-orange.css"

    angular:styles/global:styles:1:8:
      1 Γöé @import '@angular/material/prebuilt-themes/cyan-orange.css';
        Γò╡         ~~~~~~~~~~~~~~~~~~~~~~~~~~~~~~~~~~~~~~~~~~~~~~~~~~~

  The module "./prebuilt-themes/cyan-orange.css.css" was not found on the file system:

    node_modules/@angular/material/package.json:47:15:
      47 Γöé       "style": "./prebuilt-themes/*.css"
         Γò╡                ~~~~~~~~~~~~~~~~~~~~~~~~~

  You can mark the path "@angular/material/prebuilt-themes/cyan-orange.css" as external to 
exclude it from the bundle, which will remove this error and leave the unresolved path in the 
bundle.


- Changes detected. Rebuilding...

Application bundle generation failed. [0.444 seconds]

X [ERROR] Could not resolve "@angular/material/prebuilt-themes/cyan-orange.css"

    angular:styles/global:styles:1:8:
      1 Γöé @import '@angular/material/prebuilt-themes/cyan-orange.css';
        Γò╡         ~~~~~~~~~~~~~~~~~~~~~~~~~~~~~~~~~~~~~~~~~~~~~~~~~~~

  The module "./prebuilt-themes/cyan-orange.css.css" was not found on the file system:

    node_modules/@angular/material/package.json:47:15:
      47 Γöé       "style": "./prebuilt-themes/*.css"
         Γò╡                ~~~~~~~~~~~~~~~~~~~~~~~~~

  You can mark the path "@angular/material/prebuilt-themes/cyan-orange.css" as external to 
exclude it from the bundle, which will remove this error and leave the unresolved path in the 
bundle.


- Changes detected. Rebuilding...

Application bundle generation failed. [0.373 seconds]

X [ERROR] TS-993004: Unable to import component MatCard.
  The module '@angular/material/card' could not be found. [plugin angular-compiler]

    src/app/components/form-renderer/form-renderer.component.ts:67:13:
      67 Γöé export class FormRendererComponent implements OnInit, OnDestroy {
         Γò╡              ~~~~~~~~~~~~~~~~~~~~~

  The component is declared here.

    node_modules/@angular/material/card/index.d.ts:37:0:
      37 Γöé export declare class MatCard {
         Γò╡ ~~~~~~~~~~~~~~~~~~~~~~~~~~~~~~


X [ERROR] Could not resolve "@angular/material/prebuilt-themes/cyan-orange.css"

    angular:styles/global:styles:1:8:
      1 Γöé @import '@angular/material/prebuilt-themes/cyan-orange.css';
        Γò╡         ~~~~~~~~~~~~~~~~~~~~~~~~~~~~~~~~~~~~~~~~~~~~~~~~~~~

  The module "./prebuilt-themes/cyan-orange.css.css" was not found on the file system:

    node_modules/@angular/material/package.json:47:15:
      47 Γöé       "style": "./prebuilt-themes/*.css"
         Γò╡                ~~~~~~~~~~~~~~~~~~~~~~~~~

  You can mark the path "@angular/material/prebuilt-themes/cyan-orange.css" as external to 
exclude it from the bundle, which will remove this error and leave the unresolved path in the 
bundle.


- Changes detected. Rebuilding...

Application bundle generation failed. [0.135 seconds]

X [ERROR] TS-993004: Unable to import component MatCard.
  The module '@angular/material/card' could not be found. [plugin angular-compiler]

    src/app/components/form-renderer/form-renderer.component.ts:67:13:
      67 Γöé export class FormRendererComponent implements OnInit, OnDestroy {
         Γò╡              ~~~~~~~~~~~~~~~~~~~~~

  The component is declared here.

    node_modules/@angular/material/card/index.d.ts:37:0:
      37 Γöé export declare class MatCard {
         Γò╡ ~~~~~~~~~~~~~~~~~~~~~~~~~~~~~~


X [ERROR] Could not resolve "@angular/material/prebuilt-themes/cyan-orange.css"

    angular:styles/global:styles:1:8:
      1 Γöé @import '@angular/material/prebuilt-themes/cyan-orange.css';
        Γò╡         ~~~~~~~~~~~~~~~~~~~~~~~~~~~~~~~~~~~~~~~~~~~~~~~~~~~

  The module "./prebuilt-themes/cyan-orange.css.css" was not found on the file system:

    node_modules/@angular/material/package.json:47:15:
      47 Γöé       "style": "./prebuilt-themes/*.css"
         Γò╡                ~~~~~~~~~~~~~~~~~~~~~~~~~

  You can mark the path "@angular/material/prebuilt-themes/cyan-orange.css" as external to 
exclude it from the bundle, which will remove this error and leave the unresolved path in the 
bundle.


- Changes detected. Rebuilding...

Application bundle generation failed. [0.571 seconds]

X [ERROR] TS2353: Object literal may only specify known properties, and 'fields' does not 
exist in type 'DocType'. [plugin angular-compiler]

    src/app/app.component.ts:27:4:
      27 Γöé     fields: [
         Γò╡     ~~~~~~


X [ERROR] TS-993004: Unable to import directive MatInput.
  The module '@angular/material/input' could not be found. [plugin angular-compiler]

    src/app/components/dynamic-field/dynamic-field.component.ts:51:13:
      51 Γöé export class DynamicFieldComponent {
         Γò╡              ~~~~~~~~~~~~~~~~~~~~~

  The directive is declared here.

    node_modules/@angular/material/input/index.d.ts:54:0:
      54 Γöé export declare class MatInput implements MatFormFieldControl<any>,...
         Γò╡ ~~~~~~~~~~~~~~~~~~~~~~~~~~~~~~~~~~~~~~~~~~~~~~~~~~~~~~~~~~~~~~~~~~


X [ERROR] TS2305: Module '"../../models/doctype.model"' has no exported member 'LayoutNode'. 
[plugin angular-compiler]

    src/app/components/form-renderer/form-renderer.component.ts:5:18:
      5 Γöé import { DocType, LayoutNode } from '../../models/doctype.model';
        Γò╡                   ~~~~~~~~~~


X [ERROR] TS-993004: Unable to import component MatCard.
  The module '@angular/material/card' could not be found. [plugin angular-compiler]

    src/app/components/form-renderer/form-renderer.component.ts:67:13:
      67 Γöé export class FormRendererComponent implements OnInit, OnDestroy {
         Γò╡              ~~~~~~~~~~~~~~~~~~~~~

  The component is declared here.

    node_modules/@angular/material/card/index.d.ts:37:0:
      37 Γöé export declare class MatCard {
         Γò╡ ~~~~~~~~~~~~~~~~~~~~~~~~~~~~~~


X [ERROR] TS2339: Property 'fields' does not exist on type 'DocType'. [plugin 
angular-compiler]

    src/app/components/form-renderer/form-renderer.component.ts:85:17:
      85 Γöé     this.docType.fields.forEach(field => {
         Γò╡                  ~~~~~~


X [ERROR] TS7006: Parameter 'field' implicitly has an 'any' type. [plugin angular-compiler]

    src/app/components/form-renderer/form-renderer.component.ts:85:32:
      85 Γöé     this.docType.fields.forEach(field => {
         Γò╡                                 ~~~~~


X [ERROR] TS2339: Property 'fields' does not exist on type 'DocType'. [plugin 
angular-compiler]

    src/app/components/form-renderer/form-renderer.component.ts:91:44:
      91 Γöé     this.frm = new FormContext(this.docType.fields, group);
         Γò╡                                             ~~~~~~


X [ERROR] TS2339: Property 'fields' does not exist on type 'DocType'. [plugin 
angular-compiler]

    src/app/components/form-renderer/form-renderer.component.ts:115:17:
      115 Γöé     this.docType.fields.forEach(field => {
          Γò╡                  ~~~~~~


X [ERROR] TS7006: Parameter 'field' implicitly has an 'any' type. [plugin angular-compiler]

    src/app/components/form-renderer/form-renderer.component.ts:115:32:
      115 Γöé     this.docType.fields.forEach(field => {
          Γò╡                                 ~~~~~


X [ERROR] TS-993004: Unable to import component MatAutocomplete.
  The module '@angular/material/autocomplete' could not be found. [plugin angular-compiler]

    src/app/components/link-field/link-field.component.ts:29:13:
      29 Γöé export class LinkFieldComponent implements OnInit {
         Γò╡              ~~~~~~~~~~~~~~~~~~

  The component is declared here.

    node_modules/@angular/material/autocomplete/index.d.ts:94:0:
      94 Γöé export declare class MatAutocomplete implements AfterContentInit, ...
         Γò╡ ~~~~~~~~~~~~~~~~~~~~~~~~~~~~~~~~~~~~~~~~~~~~~~~~~~~~~~~~~~~~~~~~~~


X [ERROR] TS-993004: Unable to import directive MatDialogTitle.
  The module '@angular/material/dialog' could not be found. [plugin angular-compiler]

    src/app/components/prompt-dialog/prompt-dialog.component.ts:29:13:
      29 Γöé export class PromptDialogComponent implements OnInit {
         Γò╡              ~~~~~~~~~~~~~~~~~~~~~

  The directive is declared here.

    node_modules/@angular/material/dialog/index.d.ts:508:0:
      508 Γöé export declare class MatDialogTitle extends MatDialogLayoutSection {
          Γò╡ ~~~~~~~~~~~~~~~~~~~~~~~~~~~~~~~~~~~~~~~~~~~~~~~~~~~~~~~~~~~~~~~~~~~~


X [ERROR] Could not resolve "@angular/material/prebuilt-themes/cyan-orange.css"

    angular:styles/global:styles:1:8:
      1 Γöé @import '@angular/material/prebuilt-themes/cyan-orange.css';
        Γò╡         ~~~~~~~~~~~~~~~~~~~~~~~~~~~~~~~~~~~~~~~~~~~~~~~~~~~

  You can mark the path "@angular/material/prebuilt-themes/cyan-orange.css" as external to 
exclude it from the bundle, which will remove this error and leave the unresolved path in the 
bundle.


- Changes detected. Rebuilding...

Application bundle generation failed. [0.303 seconds]

Γû▓ [WARNING] All "@import" rules must come first [invalid-@import]

    src/styles.css:733:0:
      733 Γöé @import url('https://fonts.googleapis.com/css2?family=Inter:wght@...
          Γò╡ ~~~~~~~

  This rule cannot come before an "@import" rule

    src/styles.css:1:0:
      1 Γöé *, ::before, ::after {
        Γò╡ ^


X [ERROR] TS2353: Object literal may only specify known properties, and 'fields' does not 
exist in type 'DocType'. [plugin angular-compiler]

    src/app/app.component.ts:27:4:
      27 Γöé     fields: [
         Γò╡     ~~~~~~


X [ERROR] TS-993004: Unable to import directive MatInput.
  The module '@angular/material/input' could not be found. [plugin angular-compiler]

    src/app/components/dynamic-field/dynamic-field.component.ts:51:13:
      51 Γöé export class DynamicFieldComponent {
         Γò╡              ~~~~~~~~~~~~~~~~~~~~~

  The directive is declared here.

    node_modules/@angular/material/input/index.d.ts:54:0:
      54 Γöé export declare class MatInput implements MatFormFieldControl<any>,...
         Γò╡ ~~~~~~~~~~~~~~~~~~~~~~~~~~~~~~~~~~~~~~~~~~~~~~~~~~~~~~~~~~~~~~~~~~


X [ERROR] TS2305: Module '"../../models/doctype.model"' has no exported member 'LayoutNode'. 
[plugin angular-compiler]

    src/app/components/form-renderer/form-renderer.component.ts:5:18:
      5 Γöé import { DocType, LayoutNode } from '../../models/doctype.model';
        Γò╡                   ~~~~~~~~~~


X [ERROR] TS-993004: Unable to import component MatCard.
  The module '@angular/material/card' could not be found. [plugin angular-compiler]

    src/app/components/form-renderer/form-renderer.component.ts:67:13:
      67 Γöé export class FormRendererComponent implements OnInit, OnDestroy {
         Γò╡              ~~~~~~~~~~~~~~~~~~~~~

  The component is declared here.

    node_modules/@angular/material/card/index.d.ts:37:0:
      37 Γöé export declare class MatCard {
         Γò╡ ~~~~~~~~~~~~~~~~~~~~~~~~~~~~~~


X [ERROR] TS2339: Property 'fields' does not exist on type 'DocType'. [plugin 
angular-compiler]

    src/app/components/form-renderer/form-renderer.component.ts:85:17:
      85 Γöé     this.docType.fields.forEach(field => {
         Γò╡                  ~~~~~~


X [ERROR] TS7006: Parameter 'field' implicitly has an 'any' type. [plugin angular-compiler]

    src/app/components/form-renderer/form-renderer.component.ts:85:32:
      85 Γöé     this.docType.fields.forEach(field => {
         Γò╡                                 ~~~~~


X [ERROR] TS2339: Property 'fields' does not exist on type 'DocType'. [plugin 
angular-compiler]

    src/app/components/form-renderer/form-renderer.component.ts:91:44:
      91 Γöé     this.frm = new FormContext(this.docType.fields, group);
         Γò╡                                             ~~~~~~


X [ERROR] TS2339: Property 'fields' does not exist on type 'DocType'. [plugin 
angular-compiler]

    src/app/components/form-renderer/form-renderer.component.ts:115:17:
      115 Γöé     this.docType.fields.forEach(field => {
          Γò╡                  ~~~~~~


X [ERROR] TS7006: Parameter 'field' implicitly has an 'any' type. [plugin angular-compiler]

    src/app/components/form-renderer/form-renderer.component.ts:115:32:
      115 Γöé     this.docType.fields.forEach(field => {
          Γò╡                                 ~~~~~


X [ERROR] TS-993004: Unable to import component MatAutocomplete.
  The module '@angular/material/autocomplete' could not be found. [plugin angular-compiler]

    src/app/components/link-field/link-field.component.ts:29:13:
      29 Γöé export class LinkFieldComponent implements OnInit {
         Γò╡              ~~~~~~~~~~~~~~~~~~

  The component is declared here.

    node_modules/@angular/material/autocomplete/index.d.ts:94:0:
      94 Γöé export declare class MatAutocomplete implements AfterContentInit, ...
         Γò╡ ~~~~~~~~~~~~~~~~~~~~~~~~~~~~~~~~~~~~~~~~~~~~~~~~~~~~~~~~~~~~~~~~~~


X [ERROR] TS-993004: Unable to import directive MatDialogTitle.
  The module '@angular/material/dialog' could not be found. [plugin angular-compiler]

    src/app/components/prompt-dialog/prompt-dialog.component.ts:29:13:
      29 Γöé export class PromptDialogComponent implements OnInit {
         Γò╡              ~~~~~~~~~~~~~~~~~~~~~

  The directive is declared here.

    node_modules/@angular/material/dialog/index.d.ts:508:0:
      508 Γöé export declare class MatDialogTitle extends MatDialogLayoutSection {
          Γò╡ ~~~~~~~~~~~~~~~~~~~~~~~~~~~~~~~~~~~~~~~~~~~~~~~~~~~~~~~~~~~~~~~~~~~~


X [ERROR] Could not resolve "@angular/material/prebuilt-themes/cyan-orange.css"

    angular:styles/global:styles:1:8:
      1 Γöé @import '@angular/material/prebuilt-themes/cyan-orange.css';
        Γò╡         ~~~~~~~~~~~~~~~~~~~~~~~~~~~~~~~~~~~~~~~~~~~~~~~~~~~

  You can mark the path "@angular/material/prebuilt-themes/cyan-orange.css" as external to 
exclude it from the bundle, which will remove this error and leave the unresolved path in the 
bundle.


- Changes detected. Rebuilding...

Application bundle generation failed. [0.599 seconds]

Γû▓ [WARNING] All "@import" rules must come first [invalid-@import]

    src/styles.css:985:0:
      985 Γöé @import url('https://fonts.googleapis.com/css2?family=Inter:wght@...
          Γò╡ ~~~~~~~

  This rule cannot come before an "@import" rule

    src/styles.css:1:0:
      1 Γöé *, ::before, ::after {
        Γò╡ ^


X [ERROR] TS2353: Object literal may only specify known properties, and 'fields' does not 
exist in type 'DocType'. [plugin angular-compiler]

    src/app/app.component.ts:27:4:
      27 Γöé     fields: [
         Γò╡     ~~~~~~


X [ERROR] TS-993004: Unable to import directive MatInput.
  The module '@angular/material/input' could not be found. [plugin angular-compiler]

    src/app/components/dynamic-field/dynamic-field.component.ts:51:13:
      51 Γöé export class DynamicFieldComponent {
         Γò╡              ~~~~~~~~~~~~~~~~~~~~~

  The directive is declared here.

    node_modules/@angular/material/input/index.d.ts:54:0:
      54 Γöé export declare class MatInput implements MatFormFieldControl<any>,...
         Γò╡ ~~~~~~~~~~~~~~~~~~~~~~~~~~~~~~~~~~~~~~~~~~~~~~~~~~~~~~~~~~~~~~~~~~


X [ERROR] TS2305: Module '"../../models/doctype.model"' has no exported member 'LayoutNode'. 
[plugin angular-compiler]

    src/app/components/form-renderer/form-renderer.component.ts:5:18:
      5 Γöé import { DocType, LayoutNode } from '../../models/doctype.model';
        Γò╡                   ~~~~~~~~~~


X [ERROR] TS-993004: Unable to import component MatCard.
  The module '@angular/material/card' could not be found. [plugin angular-compiler]

    src/app/components/form-renderer/form-renderer.component.ts:67:13:
      67 Γöé export class FormRendererComponent implements OnInit, OnDestroy {
         Γò╡              ~~~~~~~~~~~~~~~~~~~~~

  The component is declared here.

    node_modules/@angular/material/card/index.d.ts:37:0:
      37 Γöé export declare class MatCard {
         Γò╡ ~~~~~~~~~~~~~~~~~~~~~~~~~~~~~~


X [ERROR] TS2339: Property 'fields' does not exist on type 'DocType'. [plugin 
angular-compiler]

    src/app/components/form-renderer/form-renderer.component.ts:85:17:
      85 Γöé     this.docType.fields.forEach(field => {
         Γò╡                  ~~~~~~


X [ERROR] TS7006: Parameter 'field' implicitly has an 'any' type. [plugin angular-compiler]

    src/app/components/form-renderer/form-renderer.component.ts:85:32:
      85 Γöé     this.docType.fields.forEach(field => {
         Γò╡                                 ~~~~~


X [ERROR] TS2339: Property 'fields' does not exist on type 'DocType'. [plugin 
angular-compiler]

    src/app/components/form-renderer/form-renderer.component.ts:91:44:
      91 Γöé     this.frm = new FormContext(this.docType.fields, group);
         Γò╡                                             ~~~~~~


X [ERROR] TS2339: Property 'fields' does not exist on type 'DocType'. [plugin 
angular-compiler]

    src/app/components/form-renderer/form-renderer.component.ts:115:17:
      115 Γöé     this.docType.fields.forEach(field => {
          Γò╡                  ~~~~~~


X [ERROR] TS7006: Parameter 'field' implicitly has an 'any' type. [plugin angular-compiler]

    src/app/components/form-renderer/form-renderer.component.ts:115:32:
      115 Γöé     this.docType.fields.forEach(field => {
          Γò╡                                 ~~~~~


X [ERROR] TS-993004: Unable to import component MatAutocomplete.
  The module '@angular/material/autocomplete' could not be found. [plugin angular-compiler]

    src/app/components/link-field/link-field.component.ts:29:13:
      29 Γöé export class LinkFieldComponent implements OnInit {
         Γò╡              ~~~~~~~~~~~~~~~~~~

  The component is declared here.

    node_modules/@angular/material/autocomplete/index.d.ts:94:0:
      94 Γöé export declare class MatAutocomplete implements AfterContentInit, ...
         Γò╡ ~~~~~~~~~~~~~~~~~~~~~~~~~~~~~~~~~~~~~~~~~~~~~~~~~~~~~~~~~~~~~~~~~~


X [ERROR] Could not resolve "@angular/material/prebuilt-themes/cyan-orange.css"

    angular:styles/global:styles:1:8:
      1 Γöé @import '@angular/material/prebuilt-themes/cyan-orange.css';
        Γò╡         ~~~~~~~~~~~~~~~~~~~~~~~~~~~~~~~~~~~~~~~~~~~~~~~~~~~

  You can mark the path "@angular/material/prebuilt-themes/cyan-orange.css" as external to 
exclude it from the bundle, which will remove this error and leave the unresolved path in the 
bundle.


- Changes detected. Rebuilding...

Application bundle generation failed. [0.439 seconds]

Γû▓ [WARNING] All "@import" rules must come first [invalid-@import]

    src/styles.css:985:0:
      985 Γöé @import url('https://fonts.googleapis.com/css2?family=Inter:wght@...
          Γò╡ ~~~~~~~

  This rule cannot come before an "@import" rule

    src/styles.css:1:0:
      1 Γöé *, ::before, ::after {
        Γò╡ ^


X [ERROR] TS2353: Object literal may only specify known properties, and 'fields' does not 
exist in type 'DocType'. [plugin angular-compiler]

    src/app/app.component.ts:27:4:
      27 Γöé     fields: [
         Γò╡     ~~~~~~


X [ERROR] TS-993004: Unable to import directive MatInput.
  The module '@angular/material/input' could not be found. [plugin angular-compiler]

    src/app/components/dynamic-field/dynamic-field.component.ts:51:13:
      51 Γöé export class DynamicFieldComponent {
         Γò╡              ~~~~~~~~~~~~~~~~~~~~~

  The directive is declared here.

    node_modules/@angular/material/input/index.d.ts:54:0:
      54 Γöé export declare class MatInput implements MatFormFieldControl<any>,...
         Γò╡ ~~~~~~~~~~~~~~~~~~~~~~~~~~~~~~~~~~~~~~~~~~~~~~~~~~~~~~~~~~~~~~~~~~


X [ERROR] TS2305: Module '"../../models/doctype.model"' has no exported member 'LayoutNode'. 
[plugin angular-compiler]

    src/app/components/form-renderer/form-renderer.component.ts:5:18:
      5 Γöé import { DocType, LayoutNode } from '../../models/doctype.model';
        Γò╡                   ~~~~~~~~~~


X [ERROR] TS-993004: Unable to import component MatCard.
  The module '@angular/material/card' could not be found. [plugin angular-compiler]

    src/app/components/form-renderer/form-renderer.component.ts:67:13:
      67 Γöé export class FormRendererComponent implements OnInit, OnDestroy {
         Γò╡              ~~~~~~~~~~~~~~~~~~~~~

  The component is declared here.

    node_modules/@angular/material/card/index.d.ts:37:0:
      37 Γöé export declare class MatCard {
         Γò╡ ~~~~~~~~~~~~~~~~~~~~~~~~~~~~~~


X [ERROR] TS2339: Property 'fields' does not exist on type 'DocType'. [plugin 
angular-compiler]

    src/app/components/form-renderer/form-renderer.component.ts:85:17:
      85 Γöé     this.docType.fields.forEach(field => {
         Γò╡                  ~~~~~~


X [ERROR] TS7006: Parameter 'field' implicitly has an 'any' type. [plugin angular-compiler]

    src/app/components/form-renderer/form-renderer.component.ts:85:32:
      85 Γöé     this.docType.fields.forEach(field => {
         Γò╡                                 ~~~~~


X [ERROR] TS2339: Property 'fields' does not exist on type 'DocType'. [plugin 
angular-compiler]

    src/app/components/form-renderer/form-renderer.component.ts:91:44:
      91 Γöé     this.frm = new FormContext(this.docType.fields, group);
         Γò╡                                             ~~~~~~


X [ERROR] TS2339: Property 'fields' does not exist on type 'DocType'. [plugin 
angular-compiler]

    src/app/components/form-renderer/form-renderer.component.ts:115:17:
      115 Γöé     this.docType.fields.forEach(field => {
          Γò╡                  ~~~~~~


X [ERROR] TS7006: Parameter 'field' implicitly has an 'any' type. [plugin angular-compiler]

    src/app/components/form-renderer/form-renderer.component.ts:115:32:
      115 Γöé     this.docType.fields.forEach(field => {
          Γò╡                                 ~~~~~


X [ERROR] TS-993004: Unable to import component MatAutocomplete.
  The module '@angular/material/autocomplete' could not be found. [plugin angular-compiler]

    src/app/components/link-field/link-field.component.ts:29:13:
      29 Γöé export class LinkFieldComponent implements OnInit {
         Γò╡              ~~~~~~~~~~~~~~~~~~

  The component is declared here.

    node_modules/@angular/material/autocomplete/index.d.ts:94:0:
      94 Γöé export declare class MatAutocomplete implements AfterContentInit, ...
         Γò╡ ~~~~~~~~~~~~~~~~~~~~~~~~~~~~~~~~~~~~~~~~~~~~~~~~~~~~~~~~~~~~~~~~~~


X [ERROR] Could not resolve "@angular/material/prebuilt-themes/cyan-orange.css"

    angular:styles/global:styles:1:8:
      1 Γöé @import '@angular/material/prebuilt-themes/cyan-orange.css';
        Γò╡         ~~~~~~~~~~~~~~~~~~~~~~~~~~~~~~~~~~~~~~~~~~~~~~~~~~~

  You can mark the path "@angular/material/prebuilt-themes/cyan-orange.css" as external to 
exclude it from the bundle, which will remove this error and leave the unresolved path in the 
bundle.


- Changes detected. Rebuilding...

Application bundle generation failed. [0.867 seconds]

Γû▓ [WARNING] All "@import" rules must come first [invalid-@import]

    src/styles.css:1648:0:
      1648 Γöé @import url('https://fonts.googleapis.com/css2?family=Inter:wght...
           Γò╡ ~~~~~~~

  This rule cannot come before an "@import" rule

    src/styles.css:1:0:
      1 Γöé *, ::before, ::after {
        Γò╡ ^


X [ERROR] TS2353: Object literal may only specify known properties, and 'fields' does not 
exist in type 'DocType'. [plugin angular-compiler]

    src/app/app.component.ts:27:4:
      27 Γöé     fields: [
         Γò╡     ~~~~~~


X [ERROR] TS-993004: Unable to import directive MatInput.
  The module '@angular/material/input' could not be found. [plugin angular-compiler]

    src/app/components/dynamic-field/dynamic-field.component.ts:51:13:
      51 Γöé export class DynamicFieldComponent {
         Γò╡              ~~~~~~~~~~~~~~~~~~~~~

  The directive is declared here.

    node_modules/@angular/material/input/index.d.ts:54:0:
      54 Γöé export declare class MatInput implements MatFormFieldControl<any>,...
         Γò╡ ~~~~~~~~~~~~~~~~~~~~~~~~~~~~~~~~~~~~~~~~~~~~~~~~~~~~~~~~~~~~~~~~~~


X [ERROR] TS4111: Property 'name' comes from an index signature, so it must be accessed with 
['name']. [plugin angular-compiler]

    src/app/components/form-renderer/form-renderer.component.ts:219:23:
      219 Γöé         .filter(r => r.name.toLowerCase().includes(txt.toLowerCas...
          Γò╡                        ~~~~


X [ERROR] TS4111: Property 'name' comes from an index signature, so it must be accessed with 
['name']. [plugin angular-compiler]

    src/app/components/form-renderer/form-renderer.component.ts:220:20:
      220 Γöé         .map(r => r.name);
          Γò╡                     ~~~~


X [ERROR] TS-993004: Unable to import component MatAutocomplete.
  The module '@angular/material/autocomplete' could not be found. [plugin angular-compiler]

    src/app/components/link-field/link-field.component.ts:29:13:
      29 Γöé export class LinkFieldComponent implements OnInit {
         Γò╡              ~~~~~~~~~~~~~~~~~~

  The component is declared here.

    node_modules/@angular/material/autocomplete/index.d.ts:94:0:
      94 Γöé export declare class MatAutocomplete implements AfterContentInit, ...
         Γò╡ ~~~~~~~~~~~~~~~~~~~~~~~~~~~~~~~~~~~~~~~~~~~~~~~~~~~~~~~~~~~~~~~~~~


X [ERROR] Could not resolve "@angular/material/prebuilt-themes/cyan-orange.css"

    angular:styles/global:styles:1:8:
      1 Γöé @import '@angular/material/prebuilt-themes/cyan-orange.css';
        Γò╡         ~~~~~~~~~~~~~~~~~~~~~~~~~~~~~~~~~~~~~~~~~~~~~~~~~~~

  You can mark the path "@angular/material/prebuilt-themes/cyan-orange.css" as external to 
exclude it from the bundle, which will remove this error and leave the unresolved path in the 
bundle.


- Changes detected. Rebuilding...

Application bundle generation failed. [1.194 seconds]

Γû▓ [WARNING] All "@import" rules must come first [invalid-@import]

    src/styles.css:1825:0:
      1825 Γöé @import url('https://fonts.googleapis.com/css2?family=Inter:wght...
           Γò╡ ~~~~~~~

  This rule cannot come before an "@import" rule

    src/styles.css:1:0:
      1 Γöé *, ::before, ::after {
        Γò╡ ^


X [ERROR] NG5002: Invalid ICU message. Missing '}'. [plugin angular-compiler]

    src/app/components/builder/script-editor.component.ts:47:2:
      47 Γöé   `
         Γò╡   ^


X [ERROR] NG5002: Unexpected character "EOF" (Do you have an unescaped "{" in your template? 
Use "{{ '{' }}") to escape it.) [plugin angular-compiler]

    src/app/components/builder/script-editor.component.ts:47:2:
      47 Γöé   `
         Γò╡   ^


X [ERROR] TS4111: Property 'name' comes from an index signature, so it must be accessed with 
['name']. [plugin angular-compiler]

    src/app/components/form-renderer/form-renderer.component.ts:219:23:
      219 Γöé         .filter(r => r.name.toLowerCase().includes(txt.toLowerCas...
          Γò╡                        ~~~~


X [ERROR] TS4111: Property 'name' comes from an index signature, so it must be accessed with 
['name']. [plugin angular-compiler]

    src/app/components/form-renderer/form-renderer.component.ts:220:20:
      220 Γöé         .map(r => r.name);
          Γò╡                     ~~~~


X [ERROR] Could not resolve "@angular/material/prebuilt-themes/cyan-orange.css"

    angular:styles/global:styles:1:8:
      1 Γöé @import '@angular/material/prebuilt-themes/cyan-orange.css';
        Γò╡         ~~~~~~~~~~~~~~~~~~~~~~~~~~~~~~~~~~~~~~~~~~~~~~~~~~~

  You can mark the path "@angular/material/prebuilt-themes/cyan-orange.css" as external to 
exclude it from the bundle, which will remove this error and leave the unresolved path in the 
bundle.


- Changes detected. Rebuilding...

Application bundle generation failed. [0.456 seconds]

Γû▓ [WARNING] All "@import" rules must come first [invalid-@import]

    src/styles.css:1825:0:
      1825 Γöé @import url('https://fonts.googleapis.com/css2?family=Inter:wght...
           Γò╡ ~~~~~~~

  This rule cannot come before an "@import" rule

    src/styles.css:1:0:
      1 Γöé *, ::before, ::after {
        Γò╡ ^


X [ERROR] NG5002: Invalid ICU message. Missing '}'. [plugin angular-compiler]

    src/app/components/builder/script-editor.component.ts:47:2:
      47 Γöé   `
         Γò╡   ^


X [ERROR] NG5002: Unexpected character "EOF" (Do you have an unescaped "{" in your template? 
Use "{{ '{' }}") to escape it.) [plugin angular-compiler]

    src/app/components/builder/script-editor.component.ts:47:2:
      47 Γöé   `
         Γò╡   ^


X [ERROR] TS4111: Property 'name' comes from an index signature, so it must be accessed with 
['name']. [plugin angular-compiler]

    src/app/components/form-renderer/form-renderer.component.ts:219:23:
      219 Γöé         .filter(r => r.name.toLowerCase().includes(txt.toLowerCas...
          Γò╡                        ~~~~


X [ERROR] TS4111: Property 'name' comes from an index signature, so it must be accessed with 
['name']. [plugin angular-compiler]

    src/app/components/form-renderer/form-renderer.component.ts:220:20:
      220 Γöé         .map(r => r.name);
          Γò╡                     ~~~~


X [ERROR] Could not resolve "@angular/material/prebuilt-themes/cyan-orange.css"

    angular:styles/global:styles:1:8:
      1 Γöé @import '@angular/material/prebuilt-themes/cyan-orange.css';
        Γò╡         ~~~~~~~~~~~~~~~~~~~~~~~~~~~~~~~~~~~~~~~~~~~~~~~~~~~

  You can mark the path "@angular/material/prebuilt-themes/cyan-orange.css" as external to 
exclude it from the bundle, which will remove this error and leave the unresolved path in the 
bundle.


- Changes detected. Rebuilding...

Application bundle generation failed. [0.578 seconds]

Γû▓ [WARNING] All "@import" rules must come first [invalid-@import]

    src/styles.css:1825:0:
      1825 Γöé @import url('https://fonts.googleapis.com/css2?family=Inter:wght...
           Γò╡ ~~~~~~~

  This rule cannot come before an "@import" rule

    src/styles.css:1:0:
      1 Γöé *, ::before, ::after {
        Γò╡ ^


X [ERROR] NG5002: Invalid ICU message. Missing '}'. [plugin angular-compiler]

    src/app/components/builder/script-editor.component.ts:47:2:
      47 Γöé   `
         Γò╡   ^


X [ERROR] NG5002: Unexpected character "EOF" (Do you have an unescaped "{" in your template? 
Use "{{ '{' }}") to escape it.) [plugin angular-compiler]

    src/app/components/builder/script-editor.component.ts:47:2:
      47 Γöé   `
         Γò╡   ^


X [ERROR] Could not resolve "@angular/material/prebuilt-themes/cyan-orange.css"

    angular:styles/global:styles:1:8:
      1 Γöé @import '@angular/material/prebuilt-themes/cyan-orange.css';
        Γò╡         ~~~~~~~~~~~~~~~~~~~~~~~~~~~~~~~~~~~~~~~~~~~~~~~~~~~

  You can mark the path "@angular/material/prebuilt-themes/cyan-orange.css" as external to 
exclude it from the bundle, which will remove this error and leave the unresolved path in the 
bundle.


- Changes detected. Rebuilding...

Application bundle generation failed. [0.304 seconds]

Γû▓ [WARNING] All "@import" rules must come first [invalid-@import]

    src/styles.css:1825:0:
      1825 Γöé @import url('https://fonts.googleapis.com/css2?family=Inter:wght...
           Γò╡ ~~~~~~~

  This rule cannot come before an "@import" rule

    src/styles.css:1:0:
      1 Γöé *, ::before, ::after {
        Γò╡ ^


X [ERROR] NG5002: Invalid ICU message. Missing '}'. [plugin angular-compiler]

    src/app/components/builder/script-editor.component.ts:47:2:
      47 Γöé   `
         Γò╡   ^


X [ERROR] NG5002: Unexpected character "EOF" (Do you have an unescaped "{" in your template? 
Use "{{ '{' }}") to escape it.) [plugin angular-compiler]

    src/app/components/builder/script-editor.component.ts:47:2:
      47 Γöé   `
         Γò╡   ^


X [ERROR] Could not resolve "@angular/material/prebuilt-themes/cyan-orange.css"

    angular:styles/global:styles:1:8:
      1 Γöé @import '@angular/material/prebuilt-themes/cyan-orange.css';
        Γò╡         ~~~~~~~~~~~~~~~~~~~~~~~~~~~~~~~~~~~~~~~~~~~~~~~~~~~

  You can mark the path "@angular/material/prebuilt-themes/cyan-orange.css" as external to 
exclude it from the bundle, which will remove this error and leave the unresolved path in the 
bundle.


- Changes detected. Rebuilding...

Application bundle generation failed. [0.791 seconds]

X [ERROR] NG5002: Invalid ICU message. Missing '}'. [plugin angular-compiler]

    src/app/components/builder/script-editor.component.ts:47:2:
      47 Γöé   `
         Γò╡   ^


X [ERROR] NG5002: Unexpected character "EOF" (Do you have an unescaped "{" in your template? 
Use "{{ '{' }}") to escape it.) [plugin angular-compiler]

    src/app/components/builder/script-editor.component.ts:47:2:
      47 Γöé   `
         Γò╡   ^


X [ERROR] Could not resolve "@angular/material/prebuilt-themes/cyan-orange.css"

    angular:styles/global:styles:1:8:
      1 Γöé @import '@angular/material/prebuilt-themes/cyan-orange.css';
        Γò╡         ~~~~~~~~~~~~~~~~~~~~~~~~~~~~~~~~~~~~~~~~~~~~~~~~~~~

  You can mark the path "@angular/material/prebuilt-themes/cyan-orange.css" as external to 
exclude it from the bundle, which will remove this error and leave the unresolved path in the 
bundle.


- Changes detected. Rebuilding...

Application bundle generation failed. [0.465 seconds]

X [ERROR] NG5002: Invalid ICU message. Missing '}'. [plugin angular-compiler]

    src/app/components/builder/script-editor.component.ts:47:2:
      47 Γöé   `
         Γò╡   ^


X [ERROR] NG5002: Unexpected character "EOF" (Do you have an unescaped "{" in your template? 
Use "{{ '{' }}") to escape it.) [plugin angular-compiler]

    src/app/components/builder/script-editor.component.ts:47:2:
      47 Γöé   `
         Γò╡   ^


X [ERROR] Could not resolve "@angular/material/prebuilt-themes/cyan-orange.css"

    angular:styles/global:styles:1:8:
      1 Γöé @import '@angular/material/prebuilt-themes/cyan-orange.css';
        Γò╡         ~~~~~~~~~~~~~~~~~~~~~~~~~~~~~~~~~~~~~~~~~~~~~~~~~~~

  You can mark the path "@angular/material/prebuilt-themes/cyan-orange.css" as external to 
exclude it from the bundle, which will remove this error and leave the unresolved path in the 
bundle.


- Changes detected. Rebuilding...

Application bundle generation failed. [0.981 seconds]

X [ERROR] Could not resolve "@angular/material/prebuilt-themes/cyan-orange.css"

    angular:styles/global:styles:1:8:
      1 Γöé @import '@angular/material/prebuilt-themes/cyan-orange.css';
        Γò╡         ~~~~~~~~~~~~~~~~~~~~~~~~~~~~~~~~~~~~~~~~~~~~~~~~~~~

  You can mark the path "@angular/material/prebuilt-themes/cyan-orange.css" as external to 
exclude it from the bundle, which will remove this error and leave the unresolved path in the 
bundle.


^C
